2026-08-16 10:49:45.304 INFO  [http-nio-8081-exec-9] o.example.gamelist.client.impl.DeepSeekClientImpl - AI 返回的原始 content: {"name":"原神","company":"米哈游","platform":"移动端/PC/PS","type":"开放世界","cover":null,"info":"《原神》是由米哈游自主研发的开放世界冒险游戏。玩家将扮演旅行者在名为提瓦特的幻想世界中自由探索，结识同伴，寻找失散的亲人。游戏包含丰富的元素战斗系统，玩家可操控不同角色，利用风、火、水、雷等元素互动产生连锁反应。游戏世界广阔，包含蒙德、璃月、稻妻等多国区域，每个地区拥有独特文化和谜题。除主线剧情外，还有大量支线任务、秘境挑战、角色养成等玩法，支持单人和多人联机模式。","price":"免费","mcRating":"暂无","releaseDate":"2020-09-28"}
2026-08-16 10:49:45.393 DEBUG [http-nio-8081-exec-9] org.example.gamelist.util.AiResponseParser - AI 原始返回: {"name":"原神","company":"米哈游","platform":"移动端/PC/PS","type":"开放世界","cover":null,"info":"《原神》是由米哈游自主研发的开放世界冒险游戏。玩家将扮演旅行者在名为提瓦特的幻想世界中自由探索，结识同伴，寻找失散的亲人。游戏包含丰富的元素战斗系统，玩家可操控不同角色，利用风、火、水、雷等元素互动产生连锁反应。游戏世界广阔，包含蒙德、璃月、稻妻等多国区域，每个地区拥有独特文化和谜题。除主线剧情外，还有大量支线任务、秘境挑战、角色养成等玩法，支持单人和多人联机模式。","price":"免费","mcRating":"暂无","releaseDate":"2020-09-28"}
2026-08-16 14:22:27.792 INFO  [SpringApplicationShutdownHook] com.alibaba.druid.pool.DruidDataSource - {dataSource-1} closing ...
2026-08-16 14:22:27.792 INFO  [SpringApplicationShutdownHook] com.alibaba.druid.pool.DruidDataSource - {dataSource-1} closed
2026-08-16 14:22:31.241 INFO  [main] org.example.gamelist.GameListApplication - Starting GameListApplication using Java 17 with PID 31936 (C:\Users\25109\Desktop\gamelist\backend\target\classes started by 25109 in C:\Users\25109\Desktop\gamelist\backend)
2026-08-16 14:22:31.241 DEBUG [main] org.example.gamelist.GameListApplication - Running with Spring Boot v3.1.8, Spring v6.0.16
2026-08-16 14:22:31.241 INFO  [main] org.example.gamelist.GameListApplication - No active profile set, falling back to 1 default profile: "default"
2026-08-16 14:22:32.070 INFO  [main] o.s.boot.web.embedded.tomcat.TomcatWebServer - Tomcat initialized with port(s): 8081 (http)
2026-08-16 14:22:32.070 INFO  [main] org.apache.catalina.core.StandardService - Starting service [Tomcat]
2026-08-16 14:22:32.070 INFO  [main] org.apache.catalina.core.StandardEngine - Starting Servlet engine: [Apache Tomcat/10.1.18]
2026-08-16 14:22:32.142 INFO  [main] o.a.c.core.ContainerBase.[Tomcat].[localhost].[/] - Initializing Spring embedded WebApplicationContext
2026-08-16 14:22:32.144 INFO  [main] o.s.b.w.s.c.ServletWebServerApplicationContext - Root WebApplicationContext: initialization completed in 858 ms
2026-08-16 14:22:32.848 INFO  [main] o.s.boot.web.embedded.tomcat.TomcatWebServer - Tomcat started on port(s): 8081 (http) with context path ''
2026-08-16 14:22:32.856 INFO  [main] org.example.gamelist.GameListApplication - Started GameListApplication in 1.938 seconds (process running for 2.232)
2026-08-16 14:24:25.253 INFO  [http-nio-8081-exec-1] o.a.c.core.ContainerBase.[Tomcat].[localhost].[/] - Initializing Spring DispatcherServlet 'dispatcherServlet'
2026-08-16 14:24:25.254 INFO  [http-nio-8081-exec-1] org.springframework.web.servlet.DispatcherServlet - Initializing Servlet 'dispatcherServlet'
2026-08-16 14:24:25.255 INFO  [http-nio-8081-exec-1] org.springframework.web.servlet.DispatcherServlet - Completed initialization in 1 ms
2026-08-16 14:24:25.508 INFO  [http-nio-8081-exec-2] com.alibaba.druid.pool.DruidDataSource - {dataSource-1} inited
2026-08-16 16:33:45.770 INFO  [http-nio-8081-exec-9] o.example.gamelist.client.impl.DeepSeekClientImpl - AI 返回的原始 content: {"name":"原神","company":"米哈游","platform":"移动端/PC/PS/NS","type":"开放世界","cover":null,"info":"《原神》是由米哈游自主研发的开放世界冒险游戏。玩家将扮演一位名为“旅行者”的神秘角色，在自由的旅行中邂逅性格各异、能力独特的同伴们，一起击败强敌，找回失散的亲人，同时逐步发掘“原神”的真相。游戏拥有广阔的提瓦特大陆，包含多种元素反应战斗系统，以及丰富的探索、解谜和剧情内容。游戏采用持续更新的模式，不断推出新角色、新地图和新活动，为玩家带来持续的新鲜体验。","price":"免费","mcRating":"暂无","releaseDate":"2020-09-28"}
2026-08-16 16:33:45.777 DEBUG [http-nio-8081-exec-9] org.example.gamelist.util.AiResponseParser - AI 原始返回: {"name":"原神","company":"米哈游","platform":"移动端/PC/PS/NS","type":"开放世界","cover":null,"info":"《原神》是由米哈游自主研发的开放世界冒险游戏。玩家将扮演一位名为“旅行者”的神秘角色，在自由的旅行中邂逅性格各异、能力独特的同伴们，一起击败强敌，找回失散的亲人，同时逐步发掘“原神”的真相。游戏拥有广阔的提瓦特大陆，包含多种元素反应战斗系统，以及丰富的探索、解谜和剧情内容。游戏采用持续更新的模式，不断推出新角色、新地图和新活动，为玩家带来持续的新鲜体验。","price":"免费","mcRating":"暂无","releaseDate":"2020-09-28"}
2026-08-16 16:37:10.616 INFO  [http-nio-8081-exec-3] o.example.gamelist.client.impl.DeepSeekClientImpl - AI 返回的原始 content: {"name":"火焰纹章 风花雪月","company":"Intelligent Systems/光荣特库摩","platform":"NS","type":"战棋","cover":null,"info":"本作以芙朵拉大陆为舞台，围绕三个国家间的战争展开。玩家扮演一位老师，培养学园中的学生，并进行战斗。游戏中包含丰富的武器技能、战术策略和角色培养系统。玩家可以自由探索学园，与学生们互动，提升好感度，并根据不同选择影响故事走向。战斗为回合制战棋，具有多种职业和兵种。","price":"暂无","mcRating":"89","releaseDate":"2019-07-26"}
2026-08-16 16:37:10.616 DEBUG [http-nio-8081-exec-3] org.example.gamelist.util.AiResponseParser - AI 原始返回: {"name":"火焰纹章 风花雪月","company":"Intelligent Systems/光荣特库摩","platform":"NS","type":"战棋","cover":null,"info":"本作以芙朵拉大陆为舞台，围绕三个国家间的战争展开。玩家扮演一位老师，培养学园中的学生，并进行战斗。游戏中包含丰富的武器技能、战术策略和角色培养系统。玩家可以自由探索学园，与学生们互动，提升好感度，并根据不同选择影响故事走向。战斗为回合制战棋，具有多种职业和兵种。","price":"暂无","mcRating":"89","releaseDate":"2019-07-26"}
2026-08-16 18:02:11.492 INFO  [SpringApplicationShutdownHook] com.alibaba.druid.pool.DruidDataSource - {dataSource-1} closing ...
2026-08-16 18:02:11.505 INFO  [SpringApplicationShutdownHook] com.alibaba.druid.pool.DruidDataSource - {dataSource-1} closed
2026-08-16 18:02:14.715 INFO  [main] org.example.gamelist.GameListApplication - Starting GameListApplication using Java 17 with PID 30952 (C:\Users\25109\Desktop\gamelist\backend\target\classes started by 25109 in C:\Users\25109\Desktop\gamelist\backend)
2026-08-16 18:02:14.715 DEBUG [main] org.example.gamelist.GameListApplication - Running with Spring Boot v3.1.8, Spring v6.0.16
2026-08-16 18:02:14.715 INFO  [main] org.example.gamelist.GameListApplication - No active profile set, falling back to 1 default profile: "default"
2026-08-16 18:02:15.534 INFO  [main] o.s.boot.web.embedded.tomcat.TomcatWebServer - Tomcat initialized with port(s): 8081 (http)
2026-08-16 18:02:15.545 INFO  [main] org.apache.catalina.core.StandardService - Starting service [Tomcat]
2026-08-16 18:02:15.545 INFO  [main] org.apache.catalina.core.StandardEngine - Starting Servlet engine: [Apache Tomcat/10.1.18]
2026-08-16 18:02:15.608 INFO  [main] o.a.c.core.ContainerBase.[Tomcat].[localhost].[/] - Initializing Spring embedded WebApplicationContext
2026-08-16 18:02:15.608 INFO  [main] o.s.b.w.s.c.ServletWebServerApplicationContext - Root WebApplicationContext: initialization completed in 855 ms
2026-08-16 18:02:16.312 INFO  [main] o.s.boot.web.embedded.tomcat.TomcatWebServer - Tomcat started on port(s): 8081 (http) with context path ''
2026-08-16 18:02:16.321 INFO  [main] org.example.gamelist.GameListApplication - Started GameListApplication in 1.9 seconds (process running for 2.177)
2026-08-16 18:02:19.362 INFO  [http-nio-8081-exec-1] o.a.c.core.ContainerBase.[Tomcat].[localhost].[/] - Initializing Spring DispatcherServlet 'dispatcherServlet'
2026-08-16 18:02:19.362 INFO  [http-nio-8081-exec-1] org.springframework.web.servlet.DispatcherServlet - Initializing Servlet 'dispatcherServlet'
2026-08-16 18:02:19.363 INFO  [http-nio-8081-exec-1] org.springframework.web.servlet.DispatcherServlet - Completed initialization in 1 ms
2026-08-16 18:02:19.568 INFO  [http-nio-8081-exec-1] com.alibaba.druid.pool.DruidDataSource - {dataSource-1} inited
2026-08-16 18:02:49.670 INFO  [http-nio-8081-exec-9] o.example.gamelist.client.impl.DeepSeekClientImpl - AI 返回的原始 content: {"name":"绝区零","company":"米哈游","platform":"移动端/PC/PS","type":"动作RPG","cover":null,"info":"《绝区零》是由米哈游自研的都市幻想题材动作角色扮演游戏。玩家将扮演名为“绳匠”的特殊职业者，引导传说中的“以太能量”对抗名为“空洞”的灾害。游戏以现代都市为背景，结合高自由度探索、快节奏战斗与策略性队伍搭配。玩家可组建三人小队，利用属性克制与闪避、连携技能等机制应对强敌。游戏采用单元剧叙事，通过关卡与任务逐步揭露世界背后的秘密。画面风格融合街头潮流与科幻元素，配以动感音乐，营造出独特的“新艾利都”城市氛围。游戏支持多平台，提供丰富的角色养成、装备系统与日常玩法，兼顾硬核操作与休闲体验，自上线以来广受玩家好评。","price":"免费","mcRating":"暂无","releaseDate":"2024-07-04"}
2026-08-16 18:02:49.670 DEBUG [http-nio-8081-exec-9] org.example.gamelist.util.AiResponseParser - AI 原始返回: {"name":"绝区零","company":"米哈游","platform":"移动端/PC/PS","type":"动作RPG","cover":null,"info":"《绝区零》是由米哈游自研的都市幻想题材动作角色扮演游戏。玩家将扮演名为“绳匠”的特殊职业者，引导传说中的“以太能量”对抗名为“空洞”的灾害。游戏以现代都市为背景，结合高自由度探索、快节奏战斗与策略性队伍搭配。玩家可组建三人小队，利用属性克制与闪避、连携技能等机制应对强敌。游戏采用单元剧叙事，通过关卡与任务逐步揭露世界背后的秘密。画面风格融合街头潮流与科幻元素，配以动感音乐，营造出独特的“新艾利都”城市氛围。游戏支持多平台，提供丰富的角色养成、装备系统与日常玩法，兼顾硬核操作与休闲体验，自上线以来广受玩家好评。","price":"免费","mcRating":"暂无","releaseDate":"2024-07-04"}
2026-08-16 18:05:01.909 INFO  [http-nio-8081-exec-5] o.example.gamelist.client.impl.DeepSeekClientImpl - AI 返回的原始 content: {"name":"绝区零","company":"米哈游","platform":"PC/移动端/PS","type":"动作角色扮演","cover":null,"info":"《绝区零》是由米哈游自研的全新动作游戏，故事发生在被神秘灾害'空洞'所侵袭的近未来都市'新艾利都'。玩家将扮演名为'绳匠'的特殊职业者，引导人们探索危险的空洞，并与名为'邦布'的伙伴一起应对各种挑战。游戏融合了快节奏的动作战斗、角色养成和策略性队伍搭配，玩家可以切换不同角色，利用各自独特的技能和属性进行连携攻击。游戏采用潮酷、现代的美术风格，搭配动感音乐，营造出独特的视觉与游戏体验。此外，游戏还包含丰富的剧情任务、探索要素和角色互动，玩家将在解决事件的过程中逐渐揭示世界背后的真相。","price":"免费","mcRating":"暂无","releaseDate":"2024-07-04"}
2026-08-16 18:05:01.913 DEBUG [http-nio-8081-exec-5] org.example.gamelist.util.AiResponseParser - AI 原始返回: {"name":"绝区零","company":"米哈游","platform":"PC/移动端/PS","type":"动作角色扮演","cover":null,"info":"《绝区零》是由米哈游自研的全新动作游戏，故事发生在被神秘灾害'空洞'所侵袭的近未来都市'新艾利都'。玩家将扮演名为'绳匠'的特殊职业者，引导人们探索危险的空洞，并与名为'邦布'的伙伴一起应对各种挑战。游戏融合了快节奏的动作战斗、角色养成和策略性队伍搭配，玩家可以切换不同角色，利用各自独特的技能和属性进行连携攻击。游戏采用潮酷、现代的美术风格，搭配动感音乐，营造出独特的视觉与游戏体验。此外，游戏还包含丰富的剧情任务、探索要素和角色互动，玩家将在解决事件的过程中逐渐揭示世界背后的真相。","price":"免费","mcRating":"暂无","releaseDate":"2024-07-04"}
2026-08-16 19:15:34.427 INFO  [http-nio-8081-exec-3] o.example.gamelist.client.impl.DeepSeekClientImpl - AI 返回的原始 content: {"name":"黑神话：悟空","company":"游戏科学","platform":"PC/PS/XBOX","type":"ARPG","cover":null,"info":"《黑神话：悟空》是一款由游戏科学开发的动作角色扮演游戏，于2024年8月20日发售。游戏以中国古典名著《西游记》为背景，玩家扮演“天命人”，为探寻昔日传说的真相，踏上充满危险与惊奇的西游之路。游戏采用虚幻引擎5打造，画面精美，场景宏大，还原了东方神话世界。战斗系统丰富，包含棍法、法术、变身等多种技能，玩家可自由组合应对强敌。游戏中的Boss战设计出色，充满挑战性，同时融入探索、解谜等元素。作为国产3A单机游戏的代表作，其制作水准和品质获得了国内外玩家的广泛好评。","price":"￥268","mcRating":"81","releaseDate":"2024-08-20"}
2026-08-16 19:15:34.429 DEBUG [http-nio-8081-exec-3] org.example.gamelist.util.AiResponseParser - AI 原始返回: {"name":"黑神话：悟空","company":"游戏科学","platform":"PC/PS/XBOX","type":"ARPG","cover":null,"info":"《黑神话：悟空》是一款由游戏科学开发的动作角色扮演游戏，于2024年8月20日发售。游戏以中国古典名著《西游记》为背景，玩家扮演“天命人”，为探寻昔日传说的真相，踏上充满危险与惊奇的西游之路。游戏采用虚幻引擎5打造，画面精美，场景宏大，还原了东方神话世界。战斗系统丰富，包含棍法、法术、变身等多种技能，玩家可自由组合应对强敌。游戏中的Boss战设计出色，充满挑战性，同时融入探索、解谜等元素。作为国产3A单机游戏的代表作，其制作水准和品质获得了国内外玩家的广泛好评。","price":"￥268","mcRating":"81","releaseDate":"2024-08-20"}
